Loading weights:   0%|          | 0/288 [00:00<?, ?it/s]Loading weights:   0%|          | 1/288 [00:01<06:22,  1.33s/it]Loading weights:  28%|██▊       | 80/288 [00:01<00:02, 75.30it/s]Loading weights:  41%|████      | 117/288 [00:01<00:01, 87.98it/s]Loading weights:  50%|████▉     | 143/288 [00:02<00:01, 84.38it/s]Loading weights:  56%|█████▋    | 162/288 [00:02<00:01, 87.54it/s]Loading weights:  62%|██████▏   | 179/288 [00:02<00:01, 94.08it/s]Loading weights:  67%|██████▋   | 194/288 [00:02<00:01, 70.70it/s]Loading weights:  74%|███████▎  | 212/288 [00:02<00:00, 79.72it/s]Loading weights:  78%|███████▊  | 224/288 [00:03<00:00, 84.27it/s]Loading weights:  82%|████████▏ | 236/288 [00:03<00:00, 90.41it/s]Loading weights:  88%|████████▊ | 254/288 [00:03<00:00, 108.14it/s]Loading weights:  93%|█████████▎| 268/288 [00:03<00:00, 113.78it/s]Loading weights: 100%|██████████| 288/288 [00:03<00:00, 82.65it/s] 
[W929 20:20:05.426263652 CUDACachingAllocator.cpp:3934] memory allocation failed with OOM on device 0 while trying to allocate 1048576000 bytes (free: 309854208, total: 8080195584).
[W929 20:20:05.434267007 CUDACachingAllocator.cpp:3934] memory allocation failed with OOM on device 0 while trying to allocate 1048576000 bytes (free: 425197568, total: 8080195584).
Traceback (most recent call last):
  File "/home/allans/code/talema/research/preflight/p2_lora.py", line 39, in <module>
    loss=model(input_ids=ids,labels=labels,use_cache=False).loss
         ^^^^^^^^^^^^^^^^^^^^^^^^^^^^^^^^^^^^^^^^^^^^^^^^^^
  File "/home/allans/code/talema/research/.venv/lib/python3.12/site-packages/torch/nn/modules/module.py", line 1783, in _wrapped_call_impl
    return self._call_impl(*args, **kwargs)
           ^^^^^^^^^^^^^^^^^^^^^^^^^^^^^^^^
  File "/home/allans/code/talema/research/.venv/lib/python3.12/site-packages/torch/nn/modules/module.py", line 1794, in _call_impl
    return forward_call(*args, **kwargs)
           ^^^^^^^^^^^^^^^^^^^^^^^^^^^^^
  File "/home/allans/code/talema/research/.venv/lib/python3.12/site-packages/peft/peft_model.py", line 2120, in forward
    return self.base_model(
           ^^^^^^^^^^^^^^^^
  File "/home/allans/code/talema/research/.venv/lib/python3.12/site-packages/torch/nn/modules/module.py", line 1783, in _wrapped_call_impl
    return self._call_impl(*args, **kwargs)
           ^^^^^^^^^^^^^^^^^^^^^^^^^^^^^^^^
  File "/home/allans/code/talema/research/.venv/lib/python3.12/site-packages/torch/nn/modules/module.py", line 1794, in _call_impl
    return forward_call(*args, **kwargs)
           ^^^^^^^^^^^^^^^^^^^^^^^^^^^^^
  File "/home/allans/code/talema/research/.venv/lib/python3.12/site-packages/peft/tuners/tuners_utils.py", line 359, in forward
    return self.model(*args, **kwargs)
           ^^^^^^^^^^^^^^^^^^^^^^^^^^^
  File "/home/allans/code/talema/research/.venv/lib/python3.12/site-packages/torch/nn/modules/module.py", line 1783, in _wrapped_call_impl
    return self._call_impl(*args, **kwargs)
           ^^^^^^^^^^^^^^^^^^^^^^^^^^^^^^^^
  File "/home/allans/code/talema/research/.venv/lib/python3.12/site-packages/torch/nn/modules/module.py", line 1794, in _call_impl
    return forward_call(*args, **kwargs)
           ^^^^^^^^^^^^^^^^^^^^^^^^^^^^^
  File "/home/allans/code/talema/research/.venv/lib/python3.12/site-packages/transformers/utils/generic.py", line 939, in wrapper
    output = func(self, *args, **kwargs)
             ^^^^^^^^^^^^^^^^^^^^^^^^^^^
  File "/home/allans/code/talema/research/.venv/lib/python3.12/site-packages/transformers/models/gemma2/modeling_gemma2.py", line 534, in forward
    loss = self.loss_function(logits, labels, self.vocab_size, **kwargs)
           ^^^^^^^^^^^^^^^^^^^^^^^^^^^^^^^^^^^^^^^^^^^^^^^^^^^^^^^^^^^^^
  File "/home/allans/code/talema/research/.venv/lib/python3.12/site-packages/transformers/loss/loss_utils.py", line 59, in ForCausalLMLoss
    logits = logits.float()
             ^^^^^^^^^^^^^^
torch.OutOfMemoryError: CUDA out of memory. Tried to allocate 1000.00 MiB. GPU 0 has a total capacity of 7.53 GiB of which 405.50 MiB is free. Process 35679 has 924.00 MiB memory in use. Including non-PyTorch memory, this process has 6.21 GiB memory in use. Of the allocated memory 6.08 GiB is allocated by PyTorch, and 24.78 MiB is reserved by PyTorch but unallocated. If reserved but unallocated memory is large try setting PYTORCH_CUDA_ALLOC_CONF=expandable_segments:True to avoid fragmentation.  See documentation for Memory Management  (https://docs.pytorch.org/docs/stable/notes/cuda.html#optimizing-memory-usage-with-pytorch-cuda-alloc-conf)
{
  "model": "google/gemma-2-2b",
  "sequence_length": 1024,
  "batch_size": 1,
  "r": 16,
  "alpha": 32,
  "target_modules": "all-linear (PEFT excludes output head)",
  "dtype": "bf16",
  "seed": 20260929,
  "status": "NOT-FIT",
  "peak_allocated_bytes": 6531808256,
  "peak_reserved_bytes": 6673137664,
  "peak_host_rss_bytes": 10430734336,
  "median_step_s": null,
  "trainable_parameters": 20766720,
  "error": "OutOfMemoryError('CUDA out of memory. Tried to allocate 1000.00 MiB. GPU 0 has a total capacity of 7.53 GiB of which 405.50 MiB is free. Process 35679 has 924.00 MiB memory in use. Including non-PyTorch memory, this process has 6.21 GiB memory in use. Of the allocated memory 6.08 GiB is allocated by PyTorch, and 24.78 MiB is reserved by PyTorch but unallocated. If reserved but unallocated memory is large try setting PYTORCH_CUDA_ALLOC_CONF=expandable_segments:True to avoid fragmentation.  See documentation for Memory Management  (https://docs.pytorch.org/docs/stable/notes/cuda.html#optimizing-memory-usage-with-pytorch-cuda-alloc-conf)')"
}
