Loading weights:   0%|          | 0/288 [00:00<?, ?it/s]Loading weights:   0%|          | 1/288 [00:01<08:01,  1.68s/it]Loading weights:  28%|██▊       | 81/288 [00:01<00:03, 62.13it/s]Loading weights:  41%|████▏     | 119/288 [00:02<00:02, 77.35it/s]Loading weights:  50%|█████     | 145/288 [00:02<00:01, 82.91it/s]Loading weights:  57%|█████▋    | 165/288 [00:02<00:01, 75.55it/s]Loading weights:  62%|██████▎   | 180/288 [00:02<00:01, 83.25it/s]Loading weights:  70%|██████▉   | 201/288 [00:02<00:00, 98.12it/s]Loading weights:  75%|███████▌  | 217/288 [00:03<00:00, 106.87it/s]Loading weights:  81%|████████▏ | 234/288 [00:03<00:00, 102.84it/s]Loading weights:  89%|████████▉ | 256/288 [00:03<00:00, 119.20it/s]Loading weights:  94%|█████████▍| 271/288 [00:03<00:00, 121.67it/s]Loading weights: 100%|██████████| 288/288 [00:03<00:00, 81.79it/s] 
[W929 20:20:18.975203963 CUDACachingAllocator.cpp:3934] memory allocation failed with OOM on device 0 while trying to allocate 524288000 bytes (free: 444071936, total: 8080195584).
[W929 20:20:18.980757663 CUDACachingAllocator.cpp:3934] memory allocation failed with OOM on device 0 while trying to allocate 524288000 bytes (free: 506986496, total: 8080195584).
Traceback (most recent call last):
  File "/home/allans/code/talema/research/preflight/p2_lora.py", line 39, in <module>
    loss=model(input_ids=ids,labels=labels,use_cache=False).loss
         ^^^^^^^^^^^^^^^^^^^^^^^^^^^^^^^^^^^^^^^^^^^^^^^^^^
  File "/home/allans/code/talema/research/.venv/lib/python3.12/site-packages/torch/nn/modules/module.py", line 1783, in _wrapped_call_impl
    return self._call_impl(*args, **kwargs)
           ^^^^^^^^^^^^^^^^^^^^^^^^^^^^^^^^
  File "/home/allans/code/talema/research/.venv/lib/python3.12/site-packages/torch/nn/modules/module.py", line 1794, in _call_impl
    return forward_call(*args, **kwargs)
           ^^^^^^^^^^^^^^^^^^^^^^^^^^^^^
  File "/home/allans/code/talema/research/.venv/lib/python3.12/site-packages/peft/peft_model.py", line 2120, in forward
    return self.base_model(
           ^^^^^^^^^^^^^^^^
  File "/home/allans/code/talema/research/.venv/lib/python3.12/site-packages/torch/nn/modules/module.py", line 1783, in _wrapped_call_impl
    return self._call_impl(*args, **kwargs)
           ^^^^^^^^^^^^^^^^^^^^^^^^^^^^^^^^
  File "/home/allans/code/talema/research/.venv/lib/python3.12/site-packages/torch/nn/modules/module.py", line 1794, in _call_impl
    return forward_call(*args, **kwargs)
           ^^^^^^^^^^^^^^^^^^^^^^^^^^^^^
  File "/home/allans/code/talema/research/.venv/lib/python3.12/site-packages/peft/tuners/tuners_utils.py", line 359, in forward
    return self.model(*args, **kwargs)
           ^^^^^^^^^^^^^^^^^^^^^^^^^^^
  File "/home/allans/code/talema/research/.venv/lib/python3.12/site-packages/torch/nn/modules/module.py", line 1783, in _wrapped_call_impl
    return self._call_impl(*args, **kwargs)
           ^^^^^^^^^^^^^^^^^^^^^^^^^^^^^^^^
  File "/home/allans/code/talema/research/.venv/lib/python3.12/site-packages/torch/nn/modules/module.py", line 1794, in _call_impl
    return forward_call(*args, **kwargs)
           ^^^^^^^^^^^^^^^^^^^^^^^^^^^^^
  File "/home/allans/code/talema/research/.venv/lib/python3.12/site-packages/transformers/utils/generic.py", line 939, in wrapper
    output = func(self, *args, **kwargs)
             ^^^^^^^^^^^^^^^^^^^^^^^^^^^
  File "/home/allans/code/talema/research/.venv/lib/python3.12/site-packages/transformers/models/gemma2/modeling_gemma2.py", line 534, in forward
    loss = self.loss_function(logits, labels, self.vocab_size, **kwargs)
           ^^^^^^^^^^^^^^^^^^^^^^^^^^^^^^^^^^^^^^^^^^^^^^^^^^^^^^^^^^^^^
  File "/home/allans/code/talema/research/.venv/lib/python3.12/site-packages/transformers/loss/loss_utils.py", line 70, in ForCausalLMLoss
    loss = fixed_cross_entropy(logits, shift_labels, num_items_in_batch, ignore_index, **kwargs)
           ^^^^^^^^^^^^^^^^^^^^^^^^^^^^^^^^^^^^^^^^^^^^^^^^^^^^^^^^^^^^^^^^^^^^^^^^^^^^^^^^^^^^^
  File "/home/allans/code/talema/research/.venv/lib/python3.12/site-packages/transformers/loss/loss_utils.py", line 40, in fixed_cross_entropy
    loss = nn.functional.cross_entropy(source, target, ignore_index=ignore_index, reduction=reduction)
           ^^^^^^^^^^^^^^^^^^^^^^^^^^^^^^^^^^^^^^^^^^^^^^^^^^^^^^^^^^^^^^^^^^^^^^^^^^^^^^^^^^^^^^^^^^^
  File "/home/allans/code/talema/research/.venv/lib/python3.12/site-packages/torch/nn/functional.py", line 3561, in cross_entropy
    return torch._C._nn.cross_entropy_loss(
           ^^^^^^^^^^^^^^^^^^^^^^^^^^^^^^^^
torch.OutOfMemoryError: CUDA out of memory. Tried to allocate 500.00 MiB. GPU 0 has a total capacity of 7.53 GiB of which 483.50 MiB is free. Process 35679 has 924.00 MiB memory in use. Including non-PyTorch memory, this process has 6.14 GiB memory in use. Of the allocated memory 6.02 GiB is allocated by PyTorch, and 12.54 MiB is reserved by PyTorch but unallocated. If reserved but unallocated memory is large try setting PYTORCH_CUDA_ALLOC_CONF=expandable_segments:True to avoid fragmentation.  See documentation for Memory Management  (https://docs.pytorch.org/docs/stable/notes/cuda.html#optimizing-memory-usage-with-pytorch-cuda-alloc-conf)
{
  "model": "google/gemma-2-2b",
  "sequence_length": 512,
  "batch_size": 1,
  "r": 16,
  "alpha": 32,
  "target_modules": "all-linear (PEFT excludes output head)",
  "dtype": "bf16",
  "seed": 20260929,
  "status": "NOT-FIT",
  "peak_allocated_bytes": 6462854656,
  "peak_reserved_bytes": 6538919936,
  "peak_host_rss_bytes": 10577043456,
  "median_step_s": null,
  "trainable_parameters": 20766720,
  "error": "OutOfMemoryError('CUDA out of memory. Tried to allocate 500.00 MiB. GPU 0 has a total capacity of 7.53 GiB of which 483.50 MiB is free. Process 35679 has 924.00 MiB memory in use. Including non-PyTorch memory, this process has 6.14 GiB memory in use. Of the allocated memory 6.02 GiB is allocated by PyTorch, and 12.54 MiB is reserved by PyTorch but unallocated. If reserved but unallocated memory is large try setting PYTORCH_CUDA_ALLOC_CONF=expandable_segments:True to avoid fragmentation.  See documentation for Memory Management  (https://docs.pytorch.org/docs/stable/notes/cuda.html#optimizing-memory-usage-with-pytorch-cuda-alloc-conf)')"
}
